   1               		.file	"main.c"
   2               	__SREG__ = 0x3f
   3               	__SP_H__ = 0x3e
   4               	__SP_L__ = 0x3d
   5               	__CCP__  = 0x34
   6               	__tmp_reg__ = 0
   7               	__zero_reg__ = 1
  15               	.Ltext0:
  16               	.global	main
  18               	main:
  19               	.LFB6:
  20               	.LM1:
  21               	/* prologue: function */
  22               	/* frame size = 0 */
  23               	.LM2:
  24 0000 0E94 0000 		call Boot_Init
  25 0004 80ED      		ldi r24,lo8(2000)
  26 0006 97E0      		ldi r25,hi8(2000)
  27               	.LVL0:
  28               	.LBB12:
  29               	.LBB13:
  30               	.LBB14:
  31               	.LBB15:
  32               	.LM3:
  33 0008 2CE2      		ldi r18,lo8(300)
  34 000a 31E0      		ldi r19,hi8(300)
  35               	.LVL1:
  36               	.L6:
  37 000c F901      		movw r30,r18
  38               	/* #APP */
  39               	 ;  105 "c:/winavr-20100110/lib/gcc/../../avr/include/util/delay_basic.h" 1
  40 000e 3197      		1: sbiw r30,1
  41 0010 01F4      		brne 1b
  42               	 ;  0 "" 2
  43               	/* #NOAPP */
  44               	.LBE15:
  45               	.LBE14:
  46               	.LM4:
  47 0012 0197      		sbiw r24,1
  48               	.LM5:
  49 0014 01F4      		brne .L6
  50 0016 80ED      		ldi r24,lo8(2000)
  51 0018 97E0      		ldi r25,hi8(2000)
  52 001a 00C0      		rjmp .L6
  53               	.LBE13:
  54               	.LBE12:
  55               	.LFE6:
  81               	.Letext0:
DEFINED SYMBOLS
                            *ABS*:00000000 main.c
C:\Users\farid\AppData\Local\Temp/ccArKozp.s:2      *ABS*:0000003f __SREG__
C:\Users\farid\AppData\Local\Temp/ccArKozp.s:3      *ABS*:0000003e __SP_H__
C:\Users\farid\AppData\Local\Temp/ccArKozp.s:4      *ABS*:0000003d __SP_L__
C:\Users\farid\AppData\Local\Temp/ccArKozp.s:5      *ABS*:00000034 __CCP__
C:\Users\farid\AppData\Local\Temp/ccArKozp.s:6      *ABS*:00000000 __tmp_reg__
C:\Users\farid\AppData\Local\Temp/ccArKozp.s:7      *ABS*:00000001 __zero_reg__
C:\Users\farid\AppData\Local\Temp/ccArKozp.s:18     .text:00000000 main

UNDEFINED SYMBOLS
Boot_Init
