   1               		.file	"main.c"
   2               	__SREG__ = 0x3f
   3               	__SP_H__ = 0x3e
   4               	__SP_L__ = 0x3d
   5               	__CCP__  = 0x34
   6               	__tmp_reg__ = 0
   7               	__zero_reg__ = 1
  15               	.Ltext0:
  16               	.global	main
  18               	main:
  19               	.LFB6:
  20               	.LM1:
  21               	/* prologue: function */
  22               	/* frame size = 0 */
  23               	.LM2:
  24 0000 60E8      		ldi r22,lo8(9600)
  25 0002 75E2      		ldi r23,hi8(9600)
  26 0004 80E0      		ldi r24,hlo8(9600)
  27 0006 90E0      		ldi r25,hhi8(9600)
  28 0008 0E94 0000 		call UART_Init
  29               	.LM3:
  30 000c 88E3      		ldi r24,lo8(56)
  31 000e 0E94 0000 		call UART_Transmit_Byte
  32 0012 80ED      		ldi r24,lo8(2000)
  33 0014 97E0      		ldi r25,hi8(2000)
  34               	.LVL0:
  35               	.LBB12:
  36               	.LBB13:
  37               	.LBB14:
  38               	.LBB15:
  39               	.LM4:
  40 0016 2CE2      		ldi r18,lo8(300)
  41 0018 31E0      		ldi r19,hi8(300)
  42               	.LVL1:
  43               	.L6:
  44 001a F901      		movw r30,r18
  45               	/* #APP */
  46               	 ;  105 "c:/winavr-20100110/lib/gcc/../../avr/include/util/delay_basic.h" 1
  47 001c 3197      		1: sbiw r30,1
  48 001e 01F4      		brne 1b
  49               	 ;  0 "" 2
  50               	/* #NOAPP */
  51               	.LBE15:
  52               	.LBE14:
  53               	.LM5:
  54 0020 0197      		sbiw r24,1
  55               	.LM6:
  56 0022 01F4      		brne .L6
  57 0024 80ED      		ldi r24,lo8(2000)
  58 0026 97E0      		ldi r25,hi8(2000)
  59 0028 00C0      		rjmp .L6
  60               	.LBE13:
  61               	.LBE12:
  62               	.LFE6:
  88               	.Letext0:
DEFINED SYMBOLS
                            *ABS*:00000000 main.c
C:\Users\farid\AppData\Local\Temp/ccDniPyK.s:2      *ABS*:0000003f __SREG__
C:\Users\farid\AppData\Local\Temp/ccDniPyK.s:3      *ABS*:0000003e __SP_H__
C:\Users\farid\AppData\Local\Temp/ccDniPyK.s:4      *ABS*:0000003d __SP_L__
C:\Users\farid\AppData\Local\Temp/ccDniPyK.s:5      *ABS*:00000034 __CCP__
C:\Users\farid\AppData\Local\Temp/ccDniPyK.s:6      *ABS*:00000000 __tmp_reg__
C:\Users\farid\AppData\Local\Temp/ccDniPyK.s:7      *ABS*:00000001 __zero_reg__
C:\Users\farid\AppData\Local\Temp/ccDniPyK.s:18     .text:00000000 main

UNDEFINED SYMBOLS
UART_Init
UART_Transmit_Byte
