   1               		.file	"uart.c"
   2               	__SREG__ = 0x3f
   3               	__SP_H__ = 0x3e
   4               	__SP_L__ = 0x3d
   5               	__CCP__  = 0x34
   6               	__tmp_reg__ = 0
   7               	__zero_reg__ = 1
  15               	.Ltext0:
  16               	.global	UART_Clear_Registers
  18               	UART_Clear_Registers:
  19               	.LFB6:
  20               	.LM1:
  21               	/* prologue: function */
  22               	/* frame size = 0 */
  23               	.LM2:
  24 0000 1092 C000 		sts 192,__zero_reg__
  25               	.LM3:
  26 0004 1092 C100 		sts 193,__zero_reg__
  27               	.LM4:
  28 0008 1092 C200 		sts 194,__zero_reg__
  29               	.LM5:
  30 000c 1092 C500 		sts 197,__zero_reg__
  31               	.LM6:
  32 0010 1092 C400 		sts 196,__zero_reg__
  33               	/* epilogue start */
  34               	.LM7:
  35 0014 0895      		ret
  36               	.LFE6:
  38               	.global	UART_Config_Transmitter
  40               	UART_Config_Transmitter:
  41               	.LFB7:
  42               	.LM8:
  43               	/* prologue: function */
  44               	/* frame size = 0 */
  45               	.LM9:
  46 0016 8091 C100 		lds r24,193
  47 001a 8860      		ori r24,lo8(8)
  48 001c 8093 C100 		sts 193,r24
  49               	.LM10:
  50 0020 8091 C200 		lds r24,194
  51 0024 8670      		andi r24,lo8(6)
  52 0026 8630      		cpi r24,lo8(6)
  53 0028 01F0      		breq .L5
  54               	.LM11:
  55 002a 8091 C200 		lds r24,194
  56 002e 8660      		ori r24,lo8(6)
  57 0030 8093 C200 		sts 194,r24
  58               	.L5:
  59 0034 0895      		ret
  60               	.LFE7:
  62               	.global	UART_Config_Receiver
  64               	UART_Config_Receiver:
  65               	.LFB8:
  66               	.LM12:
  67               	/* prologue: function */
  68               	/* frame size = 0 */
  69               	.LM13:
  70 0036 8091 C100 		lds r24,193
  71 003a 8061      		ori r24,lo8(16)
  72 003c 8093 C100 		sts 193,r24
  73               	.LM14:
  74 0040 8091 C200 		lds r24,194
  75 0044 8670      		andi r24,lo8(6)
  76 0046 8630      		cpi r24,lo8(6)
  77 0048 01F0      		breq .L8
  78               	.LM15:
  79 004a 8091 C200 		lds r24,194
  80 004e 8660      		ori r24,lo8(6)
  81 0050 8093 C200 		sts 194,r24
  82               	.L8:
  83 0054 0895      		ret
  84               	.LFE8:
  86               	.global	UART_Config_Receiver_Interrupt
  88               	UART_Config_Receiver_Interrupt:
  89               	.LFB9:
  90               	.LM16:
  91               	/* prologue: function */
  92               	/* frame size = 0 */
  93               	.LM17:
  94 0056 E1EC      		ldi r30,lo8(193)
  95 0058 F0E0      		ldi r31,hi8(193)
  96 005a 8081      		ld r24,Z
  97 005c 8068      		ori r24,lo8(-128)
  98 005e 8083      		st Z,r24
  99               	.LM18:
 100               	/* #APP */
 101               	 ;  36 "uart.c" 1
 102 0060 7894      		sei
 103               	 ;  0 "" 2
 104               	/* epilogue start */
 105               	.LM19:
 106               	/* #NOAPP */
 107 0062 0895      		ret
 108               	.LFE9:
 110               	.global	UART_Init
 112               	UART_Init:
 113               	.LFB10:
 114               	.LM20:
 115               	.LVL0:
 116 0064 AF92      		push r10
 117 0066 BF92      		push r11
 118 0068 CF92      		push r12
 119 006a DF92      		push r13
 120 006c EF92      		push r14
 121 006e FF92      		push r15
 122 0070 0F93      		push r16
 123 0072 1F93      		push r17
 124               	/* prologue: function */
 125               	/* frame size = 0 */
 126 0074 9B01      		movw r18,r22
 127 0076 AC01      		movw r20,r24
 128               	.LM21:
 129               	/* #APP */
 130               	 ;  40 "uart.c" 1
 131 0078 F894      		cli
 132               	 ;  0 "" 2
 133               	/* #NOAPP */
 134               	.LBB6:
 135               	.LBB7:
 136               	.LM22:
 137 007a 00EC      		ldi r16,lo8(192)
 138 007c 10E0      		ldi r17,hi8(192)
 139 007e F801      		movw r30,r16
 140 0080 1082      		st Z,__zero_reg__
 141               	.LM23:
 142 0082 71EC      		ldi r23,lo8(193)
 143 0084 E72E      		mov r14,r23
 144 0086 F12C      		mov r15,__zero_reg__
 145 0088 F701      		movw r30,r14
 146 008a 1082      		st Z,__zero_reg__
 147               	.LM24:
 148 008c 1092 C200 		sts 194,__zero_reg__
 149               	.LM25:
 150 0090 65EC      		ldi r22,lo8(197)
 151 0092 A62E      		mov r10,r22
 152 0094 B12C      		mov r11,__zero_reg__
 153               	.LVL1:
 154 0096 F501      		movw r30,r10
 155 0098 1082      		st Z,__zero_reg__
 156               	.LM26:
 157 009a 94EC      		ldi r25,lo8(196)
 158 009c C92E      		mov r12,r25
 159 009e D12C      		mov r13,__zero_reg__
 160 00a0 F601      		movw r30,r12
 161 00a2 1082      		st Z,__zero_reg__
 162               	.LBE7:
 163               	.LBE6:
 164               	.LM27:
 165 00a4 60E6      		ldi r22,lo8(1500000)
 166 00a6 73EE      		ldi r23,hi8(1500000)
 167 00a8 86E1      		ldi r24,hlo8(1500000)
 168 00aa 90E0      		ldi r25,hhi8(1500000)
 169 00ac 0E94 0000 		call __udivmodsi4
 170               	.LVL2:
 171 00b0 2150      		subi r18,lo8(-(-1))
 172 00b2 3040      		sbci r19,hi8(-(-1))
 173 00b4 4040      		sbci r20,hlo8(-(-1))
 174 00b6 5040      		sbci r21,hhi8(-(-1))
 175               	.LVL3:
 176               	.LM28:
 177 00b8 F801      		movw r30,r16
 178 00ba 8081      		ld r24,Z
 179 00bc 8260      		ori r24,lo8(2)
 180 00be 8083      		st Z,r24
 181               	.LM29:
 182 00c0 BB27      		clr r27
 183 00c2 A52F      		mov r26,r21
 184 00c4 942F      		mov r25,r20
 185 00c6 832F      		mov r24,r19
 186 00c8 F501      		movw r30,r10
 187 00ca 8083      		st Z,r24
 188               	.LM30:
 189 00cc F601      		movw r30,r12
 190 00ce 2083      		st Z,r18
 191               	.LM31:
 192 00d0 0E94 0000 		call UART_Config_Transmitter
 193               	.LVL4:
 194               	.LM32:
 195 00d4 0E94 0000 		call UART_Config_Receiver
 196               	.LBB8:
 197               	.LBB9:
 198               	.LM33:
 199 00d8 F701      		movw r30,r14
 200 00da 8081      		ld r24,Z
 201 00dc 8068      		ori r24,lo8(-128)
 202 00de 8083      		st Z,r24
 203               	.LM34:
 204               	/* #APP */
 205               	 ;  36 "uart.c" 1
 206 00e0 7894      		sei
 207               	 ;  0 "" 2
 208               	/* epilogue start */
 209               	/* #NOAPP */
 210               	.LBE9:
 211               	.LBE8:
 212               	.LM35:
 213 00e2 1F91      		pop r17
 214 00e4 0F91      		pop r16
 215 00e6 FF90      		pop r15
 216 00e8 EF90      		pop r14
 217 00ea DF90      		pop r13
 218 00ec CF90      		pop r12
 219 00ee BF90      		pop r11
 220 00f0 AF90      		pop r10
 221 00f2 0895      		ret
 222               	.LFE10:
 224               	.global	UART_Transmit_Byte
 226               	UART_Transmit_Byte:
 227               	.LFB11:
 228               	.LM36:
 229               	.LVL5:
 230               	/* prologue: function */
 231               	/* frame size = 0 */
 232               	.LM37:
 233 00f4 8093 C600 		sts 198,r24
 234               	.L14:
 235               	.LM38:
 236 00f8 8091 C000 		lds r24,192
 237               	.LVL6:
 238 00fc 85FF      		sbrs r24,5
 239 00fe 00C0      		rjmp .L14
 240               	/* epilogue start */
 241               	.LM39:
 242 0100 0895      		ret
 243               	.LFE11:
 309               	.Letext0:
DEFINED SYMBOLS
                            *ABS*:00000000 uart.c
C:\Users\farid\AppData\Local\Temp/cc7bNkEK.s:2      *ABS*:0000003f __SREG__
C:\Users\farid\AppData\Local\Temp/cc7bNkEK.s:3      *ABS*:0000003e __SP_H__
C:\Users\farid\AppData\Local\Temp/cc7bNkEK.s:4      *ABS*:0000003d __SP_L__
C:\Users\farid\AppData\Local\Temp/cc7bNkEK.s:5      *ABS*:00000034 __CCP__
C:\Users\farid\AppData\Local\Temp/cc7bNkEK.s:6      *ABS*:00000000 __tmp_reg__
C:\Users\farid\AppData\Local\Temp/cc7bNkEK.s:7      *ABS*:00000001 __zero_reg__
C:\Users\farid\AppData\Local\Temp/cc7bNkEK.s:18     .text:00000000 UART_Clear_Registers
C:\Users\farid\AppData\Local\Temp/cc7bNkEK.s:40     .text:00000016 UART_Config_Transmitter
C:\Users\farid\AppData\Local\Temp/cc7bNkEK.s:64     .text:00000036 UART_Config_Receiver
C:\Users\farid\AppData\Local\Temp/cc7bNkEK.s:88     .text:00000056 UART_Config_Receiver_Interrupt
C:\Users\farid\AppData\Local\Temp/cc7bNkEK.s:112    .text:00000064 UART_Init
C:\Users\farid\AppData\Local\Temp/cc7bNkEK.s:226    .text:000000f4 UART_Transmit_Byte

UNDEFINED SYMBOLS
__udivmodsi4
